// Jest Snapshot v1, https://goo.gl/fbAQLP

exports[`Sidebar tests  Sidebar renders it children 1`] = `
<div>
  <div>
    <div
      class="bm-overlay"
      style="position: fixed; z-index: 1000; width: 100%; height: 100%; background: rgba(0, 0, 0, 0.3); opacity: 0; transform: translate3d(100%, 0, 0); transition: opacity 0.3s, transform 0s 0.3s;"
    />
    <div
      class="bm-menu-wrap"
      id=""
      style="position: fixed; z-index: 1100; width: 1000px; height: 100%; transform: translate3d(-100%, 0, 0); transition: all 0.5s;"
    >
      <div
        class="bm-menu"
        style="height: 100%; box-sizing: border-box; overflow: auto; background: rgb(55, 58, 71); font-size: 1.15em; overflow-y: hidden; padding: 1em 1.5em 0px;"
      >
        <nav
          class="bm-item-list"
          style="height: 100%; color: white; padding: 0.8em;"
        >
          <div
            class="bm-item"
            data-testid="divSidebar"
            style="display: inline-block;"
            tabindex="-1"
          >
            Conte√∫do Sidebar
          </div>
        </nav>
      </div>
      <div>
        <div
          class="bm-cross-button"
          style="position: absolute; width: 24px; height: 24px; right: 8px; top: 8px;"
        >
          <span
            style="position: absolute; top: 6px; right: 14px;"
          >
            <span
              class="bm-cross"
              style="position: absolute; width: 3px; height: 14px; transform: rotate(45deg); background: rgb(189, 195, 199);"
            />
            <span
              class="bm-cross"
              style="position: absolute; width: 3px; height: 14px; transform: rotate(-45deg); background: rgb(189, 195, 199);"
            />
          </span>
          <button
            style="position: absolute; left: 0px; top: 0px; width: 100%; height: 100%; margin: 0px; padding: 0px; font-size: 0; background: transparent; cursor: pointer;"
            tabindex="-1"
          >
            Close Menu
          </button>
        </div>
      </div>
    </div>
    <div>
      <div
        class="bm-burger-button"
        style="z-index: 1000; height: 30px; left: 15px; position: relative; top: 25px; width: 36px;"
      >
        <span>
          <span
            class="bm-burger-bars"
            style="position: absolute; height: 20%; left: 0px; right: 0px; top: 0%; opacity: 1; background: rgb(55, 58, 71);"
          />
          <span
            class="bm-burger-bars"
            style="position: absolute; height: 20%; left: 0px; right: 0px; top: 40%; opacity: 1; background: rgb(55, 58, 71);"
          />
          <span
            class="bm-burger-bars"
            style="position: absolute; height: 20%; left: 0px; right: 0px; top: 80%; opacity: 1; background: rgb(55, 58, 71);"
          />
        </span>
        <button
          style="position: absolute; left: 0px; top: 0px; width: 100%; height: 100%; margin: 0px; padding: 0px; font-size: 0; background: transparent; cursor: pointer;"
        >
          Open Menu
        </button>
      </div>
    </div>
  </div>
</div>
`;
